// Jest Snapshot v1, https://goo.gl/fbAQLP

exports[`Tests in component GifGridItem Snapshot correcto 1`] = `
<div
  className="card animate__animated animate__fadeIn"
>
  <img
    alt="This is a title"
    src="http://someUrl.com"
  />
  <p>
    This is a title
  </p>
</div>
`;
